Microchip MPLAB XC8 Compiler V2.00 ()

Linker command line:

-W-3 --edf=C:\Program Files (x86)\Microchip\xc8\v2.00\pic\dat\en_msgs.txt \
  -cs -h+dist/default/production\Cont_part.X.production.sym \
  --cmf=dist/default/production\Cont_part.X.production.cmf -z -Q16F887 \
  -oC:\Users\19179453\AppData\Local\Temp\s18o.2 \
  -Mdist/default/production/Cont_part.X.production.map -E1 -ver=XC8 \
  --acfsm=1493 -ASTACK=0110h-016fh -pstack=STACK -ACODE=00h-07FFhx4 \
  -ASTRCODE=00h-01FFFh -ASTRING=00h-0FFhx32 -ACONST=00h-0FFhx32 \
  -AENTRY=00h-0FFhx32 -ACOMMON=070h-07Fh -ABANK0=020h-06Fh \
  -ABANK1=0A0h-0EFh -ABANK2=0110h-016Fh -ABANK3=0190h-01EFh \
  -ARAM=020h-06Fh,0A0h-0EFh,0110h-016Fh,0190h-01EFh \
  -AABS1=020h-07Fh,0A0h-0EFh,0110h-016Fh,0190h-01EFh -ASFR0=00h-01Fh \
  -ASFR1=080h-09Fh -ASFR2=0100h-010Fh -ASFR3=0180h-018Fh \
  -preset_vec=00h,intentry,init,end_init -ppowerup=CODE -pcinit=CODE \
  -pfunctab=ENTRY -ACONFIG=02007h-02008h -pconfig=CONFIG -DCONFIG=2 \
  -AIDLOC=02000h-02003h -pidloc=IDLOC -DIDLOC=2 -AEEDATA=00h-0FFh/02100h \
  -peeprom_data=EEDATA -DEEDATA=2 -DCODE=2 -DSTRCODE=2 -DSTRING=2 -DCONST=2 \
  -DENTRY=2 -k C:\Users\19179453\AppData\Local\Temp\s18o.o \
  dist/default/production\Cont_part.X.production.o 

Object code version is 3.11

Machine type is 16F887



                Name                               Link     Load   Length Selector   Space Scale
C:\Users\19179453\AppData\Local\Temp\s18o.o
                end_init                              0        0        3        0       0
                config                             2007     2007        2     400E       0
dist/default/production\Cont_part.X.production.o
                cinit                               7EE      7EE       12      FDC       0
                text11                              662      662        9      CC4       0
                text10                              689      689        D      D12       0
                text9                               652      652        8      CA4       0
                text8                               65A      65A        8      CB4       0
                text7                               646      646        6      C8C       0
                text6                               64C      64C        6      C98       0
                text5                               641      641        5      C82       0
                text4                               67E      67E        B      CFC       0
                text3                               6B9      6B9       17      D72       0
                text2                               674      674        A      CE8       0
                text1                               66B      66B        9      CD6       0
                maintext                            6D0      6D0      11E      DA0       0
                cstackCOMMON                         70       70        A       70       1
                inittext                            6A6      6A6       13      D4C       0
                dataBANK0                            20       20       10       20       1
                idataBANK0                          696      696       10      D2C       0

TOTAL           Name                               Link     Load   Length     Space
        CLASS   STACK          

        CLASS   CODE           
                end_init                              0        0        3         0
                cinit                               7EE      7EE       12         0
                text11                              662      662        9         0
                text10                              689      689        D         0
                text9                               652      652        8         0
                text8                               65A      65A        8         0
                text7                               646      646        6         0
                text6                               64C      64C        6         0
                text5                               641      641        5         0
                text4                               67E      67E        B         0
                text3                               6B9      6B9       17         0
                text2                               674      674        A         0
                text1                               66B      66B        9         0
                maintext                            6D0      6D0      11E         0
                inittext                            6A6      6A6       13         0
                idataBANK0                          696      696       10         0

        CLASS   STRCODE        

        CLASS   STRING         

        CLASS   CONST          

        CLASS   ENTRY          

        CLASS   COMMON         
                cstackCOMMON                         70       70        A         1

        CLASS   BANK0          
                dataBANK0                            20       20       10         1

        CLASS   BANK1          

        CLASS   BANK2          

        CLASS   BANK3          

        CLASS   RAM            

        CLASS   ABS1           
                abs_s1                               7E       7E        2         1

        CLASS   SFR0           

        CLASS   SFR1           

        CLASS   SFR2           

        CLASS   SFR3           

        CLASS   CONFIG         
                config                             2007     2007        2         0

        CLASS   IDLOC          

        CLASS   EEDATA         



SEGMENTS        Name                           Load    Length   Top    Selector   Space  Class     Delta

                reset_vec                      000000  000003  000003         0       0  CODE        2
                dataBANK0                      000020  000010  000030        20       1  BANK0       1
                cstackCOMMON                   000070  00000A  00007A        70       1  COMMON      1
                text5                          000641  000005  000646       C82       0  CODE        2
                text7                          000646  000006  00064C       C8C       0  CODE        2
                text6                          00064C  000006  000652       C98       0  CODE        2
                text9                          000652  000008  00065A       CA4       0  CODE        2
                text8                          00065A  000008  000662       CB4       0  CODE        2
                text11                         000662  000009  00066B       CC4       0  CODE        2
                text1                          00066B  000009  000674       CD6       0  CODE        2
                text2                          000674  00000A  00067E       CE8       0  CODE        2
                text4                          00067E  00000B  000689       CFC       0  CODE        2
                text10                         000689  00000D  000696       D12       0  CODE        2
                idataBANK0                     000696  000010  0006A6       D2C       0  CODE        2
                inittext                       0006A6  000013  0006B9       D4C       0  CODE        2
                text3                          0006B9  000017  0006D0       D72       0  CODE        2
                maintext                       0006D0  00011E  0007EE       DA0       0  CODE        2
                cinit                          0007EE  000012  000800       FDC       0  CODE        2
                config                         002007  000002  002009      400E       0  CONFIG      2


UNUSED ADDRESS RANGES

        Name                Unused          Largest block    Delta
        BANK0            0030-006F             40           1
        BANK1            00A0-00EF             50           1
        BANK2            0110-016F             60           1
        BANK3            0190-01EF             60           1
        CODE             0003-0640            63E           2
                         0800-1FFF            800
        COMMON           007A-007D              4           1
        CONST            0003-0640            100           2
                         0800-1FFF            100
        EEDATA           2100-21FF            100           2
        ENTRY            0003-0640            100           2
                         0800-1FFF            100
        IDLOC            2000-2003              4           2
        RAM              0030-006F             40           1
                         00A0-00EF             50
                         0110-016F             60
                         0190-01EF             60
        SFR0             0000-001F             20           1
        SFR1             0080-009F             20           1
        SFR2             0100-010F             10           1
        SFR3             0180-018F             10           1
        STACK            0110-016F             60           1
        STRCODE          0003-0640            63E           2
                         0800-1FFF           1800
        STRING           0003-0640            100           2
                         0800-1FFF            100

                                  Symbol Table

?_K1status                cstackCOMMON 0070
K1@estado                 cstackCOMMON 0070
K2@estado                 cstackCOMMON 0070
K3@estado                 cstackCOMMON 0070
_ANSELH                   (abs)        0189
_K1                       text11       0662
_K1status                 text10       0689
_K2                       text9        0652
_K3                       text8        065A
_PORTB                    (abs)        0006
_PORTDbits                (abs)        0008
_TRISB                    (abs)        0086
_TRISDbits                (abs)        0088
__CFG_BOR4V$BOR40V        (abs)        0000
__CFG_BOREN$OFF           (abs)        0000
__CFG_CP$OFF              (abs)        0000
__CFG_CPD$OFF             (abs)        0000
__CFG_FCMEN$OFF           (abs)        0000
__CFG_FOSC$INTRC_NOCLKOUT (abs)        0000
__CFG_IESO$OFF            (abs)        0000
__CFG_LVP$ON              (abs)        0000
__CFG_MCLRE$OFF           (abs)        0000
__CFG_PWRTE$OFF           (abs)        0000
__CFG_WDTE$OFF            (abs)        0000
__CFG_WRT$OFF             (abs)        0000
__Habs1                   abs1         0000
__Hbank0                  bank0        0000
__Hbank1                  bank1        0000
__Hbank2                  bank2        0000
__Hbank3                  bank3        0000
__Hcinit                  cinit        0800
__Hclrtext                clrtext      0000
__Hcode                   code         0000
__Hcommon                 common       0000
__Hconfig                 config       2009
__HcstackCOMMON           cstackCOMMON 0000
__HdataBANK0              dataBANK0    0000
__Heeprom_data            eeprom_data  0000
__Hend_init               end_init     0003
__Hfunctab                functab      0000
__HidataBANK0             idataBANK0   0000
__Hidloc                  idloc        0000
__Hinit                   init         0000
__Hinittext               inittext     0000
__Hintentry               intentry     0000
__Hmaintext               maintext     0000
__Hpowerup                powerup      0000
__Hram                    ram          0000
__Hreset_vec              reset_vec    0000
__Hsfr0                   sfr0         0000
__Hsfr1                   sfr1         0000
__Hsfr2                   sfr2         0000
__Hsfr3                   sfr3         0000
__Hspace_0                (abs)        2009
__Hspace_1                (abs)        007A
__Hspace_2                (abs)        0000
__Hspace_3                (abs)        0000
__Hstack                  stack        0000
__Hstrings                strings      0000
__Htext                   text         0000
__Labs1                   abs1         0000
__Lbank0                  bank0        0000
__Lbank1                  bank1        0000
__Lbank2                  bank2        0000
__Lbank3                  bank3        0000
__Lcinit                  cinit        07EE
__Lclrtext                clrtext      0000
__Lcode                   code         0000
__Lcommon                 common       0000
__Lconfig                 config       2007
__LcstackCOMMON           cstackCOMMON 0000
__LdataBANK0              dataBANK0    0000
__Leeprom_data            eeprom_data  0000
__Lend_init               end_init     0000
__Lfunctab                functab      0000
__LidataBANK0             idataBANK0   0000
__Lidloc                  idloc        0000
__Linit                   init         0000
__Linittext               inittext     0000
__Lintentry               intentry     0000
__Lmaintext               maintext     0000
__Lpowerup                powerup      0000
__Lram                    ram          0000
__Lreset_vec              reset_vec    0000
__Lsfr0                   sfr0         0000
__Lsfr1                   sfr1         0000
__Lsfr2                   sfr2         0000
__Lsfr3                   sfr3         0000
__Lspace_0                (abs)        0000
__Lspace_1                (abs)        0000
__Lspace_2                (abs)        0000
__Lspace_3                (abs)        0000
__Lstack                  stack        0000
__Lstrings                strings      0000
__Ltext                   text         0000
__S0                      (abs)        2009
__S1                      (abs)        007A
__S2                      (abs)        0000
__S3                      (abs)        0000
___int_sp                 stack        0000
___latbits                (abs)        0002
___sp                     stack        0000
__end_of_K1               text11       066B
__end_of_K1status         text10       0696
__end_of_K2               text9        065A
__end_of_K3               text8        0662
__end_of__initialization  cinit        07FC
__end_of_b0               text7        064C
__end_of_b1               text6        0652
__end_of_botoes_init      text5        0646
__end_of_contatores_init  text4        0689
__end_of_delay            text3        06D0
__end_of_disp7seg_init    text2        067E
__end_of_display7seg      text1        0674
__end_of_main             maintext     07EE
__initialization          cinit        07EE
__pcstackCOMMON           cstackCOMMON 0070
__pdataBANK0              dataBANK0    0020
__pidataBANK0             idataBANK0   0696
__pmaintext               maintext     06D0
__ptext1                  text1        066B
__ptext10                 text10       0689
__ptext11                 text11       0662
__ptext2                  text2        0674
__ptext3                  text3        06B9
__ptext4                  text4        067E
__ptext5                  text5        0641
__ptext6                  text6        064C
__ptext7                  text7        0646
__ptext8                  text8        065A
__ptext9                  text9        0652
__size_of_K1              (abs)        0000
__size_of_K1status        (abs)        0000
__size_of_K2              (abs)        0000
__size_of_K3              (abs)        0000
__size_of_b0              (abs)        0000
__size_of_b1              (abs)        0000
__size_of_botoes_init     (abs)        0000
__size_of_contatores_init (abs)        0000
__size_of_delay           (abs)        0000
__size_of_disp7seg_init   (abs)        0000
__size_of_display7seg     (abs)        0000
__size_of_main            (abs)        0000
_b0                       text7        0646
_b1                       text6        064C
_botoes_init              text5        0641
_contatores_init          text4        067E
_delay                    text3        06B9
_disp7seg_init            text2        0674
_display7seg              text1        066B
_main                     maintext     06D0
_vetor                    dataBANK0    0020
btemp                     (abs)        007E
delay@t                   cstackCOMMON 0070
display7seg@c             cstackCOMMON 0070
end_of_initialization     cinit        07FC
init_fetch0               inittext     06A6
init_ram0                 inittext     06AA
intlevel0                 functab      0000
intlevel1                 functab      0000
intlevel2                 functab      0000
intlevel3                 functab      0000
intlevel4                 functab      0000
intlevel5                 functab      0000
main@cont                 cstackCOMMON 0076
main@estado               cstackCOMMON 0078
main@t                    cstackCOMMON 0074
reset_vec                 reset_vec    0000
stackhi                   (abs)        0000
stacklo                   (abs)        0000
start                     init         0000
start_initialization      cinit        07EE
wtemp0                    (abs)        007E


FUNCTION INFORMATION:

 *************** function _main *****************
 Defined at:
		line 16 in file "main.c"
 Parameters:    Size  Location     Type
		None
 Auto vars:     Size  Location     Type
  estado          2    8[COMMON] int 
  cont            2    6[COMMON] int 
  t               2    4[COMMON] int 
 Return value:  Size  Location     Type
                  1    wreg      void 
 Registers used:
		wreg, fsr0l, fsr0h, status,2, status,0, btemp+1, pclath, cstack
 Tracked objects:
		On entry : 
		On exit  : 
		Unchanged: 
 Data sizes:     COMMON   BANK0   BANK1   BANK3   BANK2
      Params:         0       0       0       0       0
      Locals:         6       0       0       0       0
      Temps:          0       0       0       0       0
      Totals:         6       0       0       0       0
Total ram usage:        6 bytes
 Hardware stack levels required when called:    1
 This function calls:
		_K1
		_K1status
		_K2
		_K3
		_b0
		_b1
		_botoes_init
		_contatores_init
		_delay
		_disp7seg_init
		_display7seg
 This function is called by:
		Startup code after reset
 This function uses a non-reentrant model


 *************** function _display7seg *****************
 Defined at:
		line 23 in file "disp7seg.c"
 Parameters:    Size  Location     Type
  c               2    0[COMMON] int 
 Auto vars:     Size  Location     Type
		None
 Return value:  Size  Location     Type
                  1    wreg      void 
 Registers used:
		wreg, fsr0l, fsr0h, status,2, status,0
 Tracked objects:
		On entry : 
		On exit  : 
		Unchanged: 
 Data sizes:     COMMON   BANK0   BANK1   BANK3   BANK2
      Params:         2       0       0       0       0
      Locals:         0       0       0       0       0
      Temps:          0       0       0       0       0
      Totals:         2       0       0       0       0
Total ram usage:        2 bytes
 Hardware stack levels used:    1
 This function calls:
		Nothing
 This function is called by:
		_main
 This function uses a non-reentrant model


 *************** function _disp7seg_init *****************
 Defined at:
		line 17 in file "disp7seg.c"
 Parameters:    Size  Location     Type
		None
 Auto vars:     Size  Location     Type
		None
 Return value:  Size  Location     Type
                  1    wreg      void 
 Registers used:
		status,2
 Tracked objects:
		On entry : 
		On exit  : 
		Unchanged: 
 Data sizes:     COMMON   BANK0   BANK1   BANK3   BANK2
      Params:         0       0       0       0       0
      Locals:         0       0       0       0       0
      Temps:          0       0       0       0       0
      Totals:         0       0       0       0       0
Total ram usage:        0 bytes
 Hardware stack levels used:    1
 This function calls:
		Nothing
 This function is called by:
		_main
 This function uses a non-reentrant model


 *************** function _delay *****************
 Defined at:
		line 12 in file "delay.c"
 Parameters:    Size  Location     Type
  t               2    0[COMMON] unsigned int 
 Auto vars:     Size  Location     Type
		None
 Return value:  Size  Location     Type
                  1    wreg      void 
 Registers used:
		wreg, status,2, status,0
 Tracked objects:
		On entry : 
		On exit  : 
		Unchanged: 
 Data sizes:     COMMON   BANK0   BANK1   BANK3   BANK2
      Params:         2       0       0       0       0
      Locals:         0       0       0       0       0
      Temps:          1       0       0       0       0
      Totals:         3       0       0       0       0
Total ram usage:        3 bytes
 Hardware stack levels used:    1
 This function calls:
		Nothing
 This function is called by:
		_main
 This function uses a non-reentrant model


 *************** function _contatores_init *****************
 Defined at:
		line 12 in file "contatores.c"
 Parameters:    Size  Location     Type
		None
 Auto vars:     Size  Location     Type
		None
 Return value:  Size  Location     Type
                  1    wreg      void 
 Registers used:
		None
 Tracked objects:
		On entry : 
		On exit  : 
		Unchanged: 
 Data sizes:     COMMON   BANK0   BANK1   BANK3   BANK2
      Params:         0       0       0       0       0
      Locals:         0       0       0       0       0
      Temps:          0       0       0       0       0
      Totals:         0       0       0       0       0
Total ram usage:        0 bytes
 Hardware stack levels used:    1
 This function calls:
		Nothing
 This function is called by:
		_main
 This function uses a non-reentrant model


 *************** function _botoes_init *****************
 Defined at:
		line 11 in file "botoes.c"
 Parameters:    Size  Location     Type
		None
 Auto vars:     Size  Location     Type
		None
 Return value:  Size  Location     Type
                  1    wreg      void 
 Registers used:
		None
 Tracked objects:
		On entry : 
		On exit  : 
		Unchanged: 
 Data sizes:     COMMON   BANK0   BANK1   BANK3   BANK2
      Params:         0       0       0       0       0
      Locals:         0       0       0       0       0
      Temps:          0       0       0       0       0
      Totals:         0       0       0       0       0
Total ram usage:        0 bytes
 Hardware stack levels used:    1
 This function calls:
		Nothing
 This function is called by:
		_main
 This function uses a non-reentrant model


 *************** function _b1 *****************
 Defined at:
		line 16 in file "botoes.c"
 Parameters:    Size  Location     Type
		None
 Auto vars:     Size  Location     Type
		None
 Return value:  Size  Location     Type
                  1    wreg      unsigned char 
 Registers used:
		wreg, status,2, status,0
 Tracked objects:
		On entry : 
		On exit  : 
		Unchanged: 
 Data sizes:     COMMON   BANK0   BANK1   BANK3   BANK2
      Params:         0       0       0       0       0
      Locals:         0       0       0       0       0
      Temps:          0       0       0       0       0
      Totals:         0       0       0       0       0
Total ram usage:        0 bytes
 Hardware stack levels used:    1
 This function calls:
		Nothing
 This function is called by:
		_main
 This function uses a non-reentrant model


 *************** function _b0 *****************
 Defined at:
		line 20 in file "botoes.c"
 Parameters:    Size  Location     Type
		None
 Auto vars:     Size  Location     Type
		None
 Return value:  Size  Location     Type
                  1    wreg      unsigned char 
 Registers used:
		wreg, status,2, status,0
 Tracked objects:
		On entry : 
		On exit  : 
		Unchanged: 
 Data sizes:     COMMON   BANK0   BANK1   BANK3   BANK2
      Params:         0       0       0       0       0
      Locals:         0       0       0       0       0
      Temps:          0       0       0       0       0
      Totals:         0       0       0       0       0
Total ram usage:        0 bytes
 Hardware stack levels used:    1
 This function calls:
		Nothing
 This function is called by:
		_main
 This function uses a non-reentrant model


 *************** function _K3 *****************
 Defined at:
		line 31 in file "contatores.c"
 Parameters:    Size  Location     Type
  estado          2    0[COMMON] int 
 Auto vars:     Size  Location     Type
		None
 Return value:  Size  Location     Type
                  1    wreg      void 
 Registers used:
		wreg, status,0
 Tracked objects:
		On entry : 
		On exit  : 
		Unchanged: 
 Data sizes:     COMMON   BANK0   BANK1   BANK3   BANK2
      Params:         2       0       0       0       0
      Locals:         0       0       0       0       0
      Temps:          0       0       0       0       0
      Totals:         2       0       0       0       0
Total ram usage:        2 bytes
 Hardware stack levels used:    1
 This function calls:
		Nothing
 This function is called by:
		_main
 This function uses a non-reentrant model


 *************** function _K2 *****************
 Defined at:
		line 26 in file "contatores.c"
 Parameters:    Size  Location     Type
  estado          2    0[COMMON] int 
 Auto vars:     Size  Location     Type
		None
 Return value:  Size  Location     Type
                  1    wreg      void 
 Registers used:
		wreg, status,0
 Tracked objects:
		On entry : 
		On exit  : 
		Unchanged: 
 Data sizes:     COMMON   BANK0   BANK1   BANK3   BANK2
      Params:         2       0       0       0       0
      Locals:         0       0       0       0       0
      Temps:          0       0       0       0       0
      Totals:         2       0       0       0       0
Total ram usage:        2 bytes
 Hardware stack levels used:    1
 This function calls:
		Nothing
 This function is called by:
		_main
 This function uses a non-reentrant model


 *************** function _K1status *****************
 Defined at:
		line 35 in file "contatores.c"
 Parameters:    Size  Location     Type
		None
 Auto vars:     Size  Location     Type
		None
 Return value:  Size  Location     Type
                  2    0[COMMON] int 
 Registers used:
		wreg, status,2, status,0
 Tracked objects:
		On entry : 
		On exit  : 
		Unchanged: 
 Data sizes:     COMMON   BANK0   BANK1   BANK3   BANK2
      Params:         2       0       0       0       0
      Locals:         0       0       0       0       0
      Temps:          2       0       0       0       0
      Totals:         4       0       0       0       0
Total ram usage:        4 bytes
 Hardware stack levels used:    1
 This function calls:
		Nothing
 This function is called by:
		_main
 This function uses a non-reentrant model


 *************** function _K1 *****************
 Defined at:
		line 22 in file "contatores.c"
 Parameters:    Size  Location     Type
  estado          1    wreg     unsigned char 
 Auto vars:     Size  Location     Type
  estado          1    0[COMMON] unsigned char 
 Return value:  Size  Location     Type
                  1    wreg      void 
 Registers used:
		wreg, status,0
 Tracked objects:
		On entry : 
		On exit  : 
		Unchanged: 
 Data sizes:     COMMON   BANK0   BANK1   BANK3   BANK2
      Params:         0       0       0       0       0
      Locals:         1       0       0       0       0
      Temps:          0       0       0       0       0
      Totals:         1       0       0       0       0
Total ram usage:        1 bytes
 Hardware stack levels used:    1
 This function calls:
		Nothing
 This function is called by:
		_main
 This function uses a non-reentrant model



MODULE INFORMATION

Module		Function		Class		Link	Load	Size
delay.c
		_delay         		CODE           	06B9	0000	24

delay.c estimated size: 24

botoes.c
		_b0            		CODE           	0646	0000	7
		_b1            		CODE           	064C	0000	7
		_botoes_init   		CODE           	0641	0000	6

botoes.c estimated size: 20

contatores.c
		_contatores_init		CODE           	067E	0000	12
		_K1            		CODE           	0662	0000	10
		_K1status      		CODE           	0689	0000	14
		_K2            		CODE           	0652	0000	9
		_K3            		CODE           	065A	0000	9

contatores.c estimated size: 54

shared
		__initialization		CODE           	07EE	0000	15

shared estimated size: 15

disp7seg.c
		_display7seg   		CODE           	066B	0000	10
		_disp7seg_init 		CODE           	0674	0000	11

disp7seg.c estimated size: 21

main.c
		_main          		CODE           	06D0	0000	287

main.c estimated size: 287

